// Jest Snapshot v1, https://goo.gl/fbAQLP

exports[`SegmentedButton Basic Test (generated) 1`] = `
<DocumentFragment>
  <ui5-segmented-button
    ui5-segmented-button=""
  >
    <ui5-segmented-button-item
      ui5-segmented-button-item=""
    >
      Segment 1
    </ui5-segmented-button-item>
    <ui5-segmented-button-item
      ui5-segmented-button-item=""
    >
      Segment 2
    </ui5-segmented-button-item>
    <ui5-segmented-button-item
      ui5-segmented-button-item=""
    >
      Segment 3
    </ui5-segmented-button-item>
  </ui5-segmented-button>
</DocumentFragment>
`;
