// Jest Snapshot v1, https://goo.gl/fbAQLP

exports[`MediaGallery Basic Test (generated) 1`] = `
<DocumentFragment>
  <ui5-media-gallery
    layout="Auto"
    menu-horizontal-align="Left"
    menu-vertical-align="Bottom"
    ui5-media-gallery=""
  />
</DocumentFragment>
`;
