// Jest Snapshot v1, https://goo.gl/fbAQLP

exports[`ResponsiveGridLayout Render without Crashing 1`] = `
<DocumentFragment>
  <div
    class="ResponsiveGridLayout-container"
    style="--_ui5wcr-rgl-columns-s: 4; --_ui5wcr-rgl-columns-m: 8; --_ui5wcr-rgl-columns-l: 12; --_ui5wcr-rgl-columns-xl: 16; --_ui5wcr-rgl-column-span-s: 1; --_ui5wcr-rgl-column-span-m: 1; --_ui5wcr-rgl-column-span-l: 1; --_ui5wcr-rgl-column-span-xl: 1;"
  >
    <div
      data-testid="span2"
      style="grid-column: span 2;"
    />
    <div
      data-testid="span3"
      style="grid-column: span 3;"
    />
    <div
      style="grid-column: span 4;"
    />
    <div
      style="grid-column: span 5;"
    />
    <div
      data-testid="defaultspan"
    />
    <div />
    <div />
    <div
      style="grid-column: span 4;"
    />
    <div />
    <div />
    <div />
    <div />
    <div />
    <div />
    <div />
    <div />
  </div>
</DocumentFragment>
`;
