// Jest Snapshot v1, https://goo.gl/fbAQLP

exports[`TimePicker Basic Test (generated) 1`] = `
<DocumentFragment>
  <ui5-time-picker
    ui5-time-picker=""
    value-state="None"
  />
</DocumentFragment>
`;
