// Jest Snapshot v1, https://goo.gl/fbAQLP

exports[`DatePicker Basic Test (generated) 1`] = `
<DocumentFragment>
  <ui5-date-picker
    ui5-date-picker=""
    value-state="None"
  />
</DocumentFragment>
`;
