// Jest Snapshot v1, https://goo.gl/fbAQLP

exports[`Timeline Basic Test (generated) 1`] = `
<DocumentFragment>
  <ui5-timeline
    layout="Vertical"
    ui5-timeline=""
  />
</DocumentFragment>
`;
