// Jest Snapshot v1, https://goo.gl/fbAQLP

exports[`RadioButton Basic Test (generated) 1`] = `
<DocumentFragment>
  <ui5-radio-button
    ui5-radio-button=""
    value-state="None"
  />
</DocumentFragment>
`;
