// Jest Snapshot v1, https://goo.gl/fbAQLP

exports[`ProductSwitch Basic Test (generated) 1`] = `
<DocumentFragment>
  <ui5-product-switch
    ui5-product-switch=""
  >
    <ui5-product-switch-item
      target="_self"
      title-text="Product Switch Item"
      ui5-product-switch-item=""
    />
  </ui5-product-switch>
</DocumentFragment>
`;
