// Jest Snapshot v1, https://goo.gl/fbAQLP

exports[`TreeItemCustom Basic Test (generated) 1`] = `
<DocumentFragment>
  <ui5-tree-item-custom
    additional-text-state="None"
    type="Active"
    ui5-tree-item-custom=""
  />
</DocumentFragment>
`;
