// Jest Snapshot v1, https://goo.gl/fbAQLP

exports[`Table Basic Test (generated) 1`] = `
<DocumentFragment>
  <ui5-table
    busy-delay="1000"
    growing="None"
    mode="None"
    ui5-table=""
  />
</DocumentFragment>
`;
