// Jest Snapshot v1, https://goo.gl/fbAQLP

exports[`FilterItemOption Basic Test (generated) 1`] = `
<DocumentFragment>
  <ui5-filter-item-option
    ui5-filter-item-option=""
  />
</DocumentFragment>
`;
