// Jest Snapshot v1, https://goo.gl/fbAQLP

exports[`Link Basic Test (generated) 1`] = `
<DocumentFragment>
  <ui5-link
    accessible-role="link"
    design="Default"
    ui5-link=""
  />
</DocumentFragment>
`;
