// Jest Snapshot v1, https://goo.gl/fbAQLP

exports[`VariantManagement Render without crashing 1`] = `
<body>
  Object {}
  <div>
    <div
      class="VariantManagement-container"
    >
      <div
        class="FlexBox-flexBox FlexBox-flexBoxDirectionRow FlexBox-justifyContentStart FlexBox-alignItemsStretch FlexBox-flexWrapNoWrap"
      >
        <ui5-title
          class="VariantManagement-title"
          level="H4"
          ui5-title=""
        />
      </div>
      <ui5-button
        aria-label="Select view"
        design="Transparent"
        icon="navigation-down-arrow"
        title="Select view"
        ui5-button=""
      />
    </div>
  </div>
  <ui5-responsive-popover
    class="VariantManagement-popover"
    header-text="My Views"
    horizontal-align="Center"
    placement-type="Bottom"
    ui5-responsive-popover=""
    vertical-align="Center"
  >
    <ui5-bar
      design="Header"
      slot="footer"
      ui5-bar=""
    >
      <ui5-button
        design="Emphasized"
        disabled="true"
        slot="endContent"
        ui5-button=""
      >
        Save As
      </ui5-button>
      <ui5-button
        design="Transparent"
        slot="endContent"
        ui5-button=""
      >
        Manage
      </ui5-button>
    </ui5-bar>
    <ui5-list
      accessible-role="listbox"
      busy-delay="1000"
      growing="None"
      mode="SingleSelect"
      separators="All"
      ui5-list=""
    />
  </ui5-responsive-popover>
</body>
`;
