// Jest Snapshot v1, https://goo.gl/fbAQLP

exports[`Breadcrumbs Basic Test (generated) 1`] = `
<DocumentFragment>
  <ui5-breadcrumbs
    design="Standard"
    separator-style="Slash"
    ui5-breadcrumbs=""
  />
</DocumentFragment>
`;
