// Jest Snapshot v1, https://goo.gl/fbAQLP

exports[`Icon Basic Test (generated) 1`] = `
<DocumentFragment>
  <ui5-icon
    design="Default"
    name="add"
    ui5-icon=""
  />
</DocumentFragment>
`;
