// Jest Snapshot v1, https://goo.gl/fbAQLP

exports[`DateRangePicker Basic Test (generated) 1`] = `
<DocumentFragment>
  <ui5-daterange-picker
    ui5-daterange-picker=""
    value-state="None"
  />
</DocumentFragment>
`;
