// Jest Snapshot v1, https://goo.gl/fbAQLP

exports[`RatingIndicator Basic Test (generated) 1`] = `
<DocumentFragment>
  <ui5-rating-indicator
    max="5"
    ui5-rating-indicator=""
    value="0"
  />
</DocumentFragment>
`;
