// Jest Snapshot v1, https://goo.gl/fbAQLP

exports[`IllustratedMessage Basic Test (generated) 1`] = `
<DocumentFragment>
  <ui5-illustrated-message
    name="BeforeSearch"
    ui5-illustrated-message=""
  />
</DocumentFragment>
`;
