// Jest Snapshot v1, https://goo.gl/fbAQLP

exports[`FilterItem Basic Test (generated) 1`] = `
<DocumentFragment>
  <ui5-filter-item
    ui5-filter-item=""
  />
</DocumentFragment>
`;
