// Jest Snapshot v1, https://goo.gl/fbAQLP

exports[`ToggleButton Basic Test (generated) 1`] = `
<DocumentFragment>
  <ui5-toggle-button
    design="Default"
    ui5-toggle-button=""
  />
</DocumentFragment>
`;
