// Jest Snapshot v1, https://goo.gl/fbAQLP

exports[`MessageView renders list view 1`] = `
<DocumentFragment>
  <div
    class="MessageView-container"
  >
    <div>
      <ui5-bar
        design="Header"
        ui5-bar=""
      >
        <ui5-segmented-button
          slot="startContent"
          ui5-segmented-button=""
        >
          <ui5-segmented-button-item
            data-key="All"
            pressed="true"
            ui5-segmented-button-item=""
          >
            All
          </ui5-segmented-button-item>
          <ui5-segmented-button-item
            class="MessageView-button"
            data-key="Error"
            icon="error"
            ui5-segmented-button-item=""
          >
            1
          </ui5-segmented-button-item>
          <ui5-segmented-button-item
            class="MessageView-button"
            data-key="Warning"
            icon="alert"
            ui5-segmented-button-item=""
          >
            1
          </ui5-segmented-button-item>
          <ui5-segmented-button-item
            class="MessageView-button"
            data-key="Success"
            icon="sys-enter-2"
            ui5-segmented-button-item=""
          >
            1
          </ui5-segmented-button-item>
          <ui5-segmented-button-item
            class="MessageView-button"
            data-key="Information"
            icon="information"
            ui5-segmented-button-item=""
          >
            2
          </ui5-segmented-button-item>
        </ui5-segmented-button>
      </ui5-bar>
      <ui5-list
        accessible-role="list"
        busy-delay="1000"
        growing="None"
        mode="None"
        separators="All"
        ui5-list=""
      >
        <ui5-li-custom
          actionable=""
          class="MessageItem-listItem MessageItem-typeError"
          data-title="Error"
          data-type="Error"
          type="Active"
          ui5-li-custom=""
        >
          <div
            class="FlexBox-flexBox FlexBox-flexBoxDirectionRow FlexBox-justifyContentStart FlexBox-alignItemsCenter FlexBox-flexWrapNoWrap MessageItem-message MessageItem-withChildren"
          >
            <div
              class="MessageItem-iconContainer"
            >
              <ui5-icon
                class="MessageItem-icon"
                name="error"
                ui5-icon=""
              />
            </div>
            <div
              class="FlexBox-flexBox FlexBox-flexBoxDirectionColumn FlexBox-justifyContentStart FlexBox-alignItemsStretch FlexBox-flexWrapNoWrap"
              style="flex-basis: auto; white-space: nowrap; overflow: hidden; text-overflow: ellipsis;"
            >
              <span
                class="MessageItem-title"
              >
                Error
              </span>
            </div>
            <ui5-icon
              class="MessageItem-navigation"
              name="slim-arrow-right"
              ui5-icon=""
            />
          </div>
        </ui5-li-custom>
        <ui5-li-custom
          actionable=""
          class="MessageItem-listItem MessageItem-typeWarning"
          data-title="Warning"
          data-type="Warning"
          type="Active"
          ui5-li-custom=""
        >
          <div
            class="FlexBox-flexBox FlexBox-flexBoxDirectionRow FlexBox-justifyContentStart FlexBox-alignItemsCenter FlexBox-flexWrapNoWrap MessageItem-message MessageItem-withChildren"
          >
            <div
              class="MessageItem-iconContainer"
            >
              <ui5-icon
                class="MessageItem-icon"
                name="alert"
                ui5-icon=""
              />
            </div>
            <div
              class="FlexBox-flexBox FlexBox-flexBoxDirectionColumn FlexBox-justifyContentStart FlexBox-alignItemsStretch FlexBox-flexWrapNoWrap"
              style="flex-basis: auto; white-space: nowrap; overflow: hidden; text-overflow: ellipsis;"
            >
              <span
                class="MessageItem-title"
              >
                Warning
              </span>
            </div>
            <ui5-icon
              class="MessageItem-navigation"
              name="slim-arrow-right"
              ui5-icon=""
            />
          </div>
        </ui5-li-custom>
        <ui5-li-custom
          actionable=""
          class="MessageItem-listItem MessageItem-typeSuccess"
          data-title="Success"
          data-type="Success"
          type="Active"
          ui5-li-custom=""
        >
          <div
            class="FlexBox-flexBox FlexBox-flexBoxDirectionRow FlexBox-justifyContentStart FlexBox-alignItemsCenter FlexBox-flexWrapNoWrap MessageItem-message MessageItem-withChildren"
          >
            <div
              class="MessageItem-iconContainer"
            >
              <ui5-icon
                class="MessageItem-icon"
                name="sys-enter-2"
                ui5-icon=""
              />
            </div>
            <div
              class="FlexBox-flexBox FlexBox-flexBoxDirectionColumn FlexBox-justifyContentStart FlexBox-alignItemsStretch FlexBox-flexWrapNoWrap"
              style="flex-basis: auto; white-space: nowrap; overflow: hidden; text-overflow: ellipsis;"
            >
              <span
                class="MessageItem-title"
              >
                Success
              </span>
            </div>
            <ui5-icon
              class="MessageItem-navigation"
              name="slim-arrow-right"
              ui5-icon=""
            />
          </div>
        </ui5-li-custom>
        <ui5-li-custom
          actionable=""
          class="MessageItem-listItem MessageItem-typeInformation"
          data-title="Information"
          data-type="Information"
          type="Active"
          ui5-li-custom=""
        >
          <div
            class="FlexBox-flexBox FlexBox-flexBoxDirectionRow FlexBox-justifyContentStart FlexBox-alignItemsCenter FlexBox-flexWrapNoWrap MessageItem-message MessageItem-withChildren"
          >
            <div
              class="MessageItem-iconContainer"
            >
              <ui5-icon
                class="MessageItem-icon"
                name="information"
                ui5-icon=""
              />
            </div>
            <div
              class="FlexBox-flexBox FlexBox-flexBoxDirectionColumn FlexBox-justifyContentStart FlexBox-alignItemsStretch FlexBox-flexWrapNoWrap"
              style="flex-basis: auto; white-space: nowrap; overflow: hidden; text-overflow: ellipsis;"
            >
              <span
                class="MessageItem-title"
              >
                Information
              </span>
            </div>
            <ui5-icon
              class="MessageItem-navigation"
              name="slim-arrow-right"
              ui5-icon=""
            />
          </div>
        </ui5-li-custom>
        <ui5-li-custom
          actionable=""
          class="MessageItem-listItem MessageItem-typeNone"
          data-title="None"
          data-type="None"
          type="Active"
          ui5-li-custom=""
        >
          <div
            class="FlexBox-flexBox FlexBox-flexBoxDirectionRow FlexBox-justifyContentStart FlexBox-alignItemsCenter FlexBox-flexWrapNoWrap MessageItem-message MessageItem-withChildren"
          >
            <div
              class="MessageItem-iconContainer"
            >
              <ui5-icon
                class="MessageItem-icon"
                name="information"
                ui5-icon=""
              />
            </div>
            <div
              class="FlexBox-flexBox FlexBox-flexBoxDirectionColumn FlexBox-justifyContentStart FlexBox-alignItemsStretch FlexBox-flexWrapNoWrap"
              style="flex-basis: auto; white-space: nowrap; overflow: hidden; text-overflow: ellipsis;"
            >
              <span
                class="MessageItem-title"
              >
                None
              </span>
            </div>
            <ui5-icon
              class="MessageItem-navigation"
              name="slim-arrow-right"
              ui5-icon=""
            />
          </div>
        </ui5-li-custom>
      </ui5-list>
    </div>
    <div />
  </div>
</DocumentFragment>
`;

exports[`MessageView renders list view with groups 1`] = `
<DocumentFragment>
  <div
    class="MessageView-container"
  >
    <div>
      <ui5-bar
        design="Header"
        ui5-bar=""
      >
        <ui5-segmented-button
          slot="startContent"
          ui5-segmented-button=""
        >
          <ui5-segmented-button-item
            data-key="All"
            pressed="true"
            ui5-segmented-button-item=""
          >
            All
          </ui5-segmented-button-item>
          <ui5-segmented-button-item
            class="MessageView-button"
            data-key="Error"
            icon="error"
            ui5-segmented-button-item=""
          >
            1
          </ui5-segmented-button-item>
          <ui5-segmented-button-item
            class="MessageView-button"
            data-key="Warning"
            icon="alert"
            ui5-segmented-button-item=""
          >
            1
          </ui5-segmented-button-item>
          <ui5-segmented-button-item
            class="MessageView-button"
            data-key="Success"
            icon="sys-enter-2"
            ui5-segmented-button-item=""
          >
            1
          </ui5-segmented-button-item>
          <ui5-segmented-button-item
            class="MessageView-button"
            data-key="Information"
            icon="information"
            ui5-segmented-button-item=""
          >
            2
          </ui5-segmented-button-item>
        </ui5-segmented-button>
      </ui5-bar>
      <ui5-list
        accessible-role="list"
        busy-delay="1000"
        growing="None"
        mode="None"
        separators="All"
        ui5-list=""
      >
        <ui5-li-custom
          actionable=""
          class="MessageItem-listItem MessageItem-typeError"
          data-title="Error"
          data-type="Error"
          type="Active"
          ui5-li-custom=""
        >
          <div
            class="FlexBox-flexBox FlexBox-flexBoxDirectionRow FlexBox-justifyContentStart FlexBox-alignItemsCenter FlexBox-flexWrapNoWrap MessageItem-message MessageItem-withChildren"
          >
            <div
              class="MessageItem-iconContainer"
            >
              <ui5-icon
                class="MessageItem-icon"
                name="error"
                ui5-icon=""
              />
            </div>
            <div
              class="FlexBox-flexBox FlexBox-flexBoxDirectionColumn FlexBox-justifyContentStart FlexBox-alignItemsStretch FlexBox-flexWrapNoWrap"
              style="flex-basis: auto; white-space: nowrap; overflow: hidden; text-overflow: ellipsis;"
            >
              <span
                class="MessageItem-title"
              >
                Error
              </span>
            </div>
            <ui5-icon
              class="MessageItem-navigation"
              name="slim-arrow-right"
              ui5-icon=""
            />
          </div>
        </ui5-li-custom>
        <ui5-li-custom
          actionable=""
          class="MessageItem-listItem MessageItem-typeWarning"
          data-title="Warning"
          data-type="Warning"
          type="Active"
          ui5-li-custom=""
        >
          <div
            class="FlexBox-flexBox FlexBox-flexBoxDirectionRow FlexBox-justifyContentStart FlexBox-alignItemsCenter FlexBox-flexWrapNoWrap MessageItem-message MessageItem-withChildren"
          >
            <div
              class="MessageItem-iconContainer"
            >
              <ui5-icon
                class="MessageItem-icon"
                name="alert"
                ui5-icon=""
              />
            </div>
            <div
              class="FlexBox-flexBox FlexBox-flexBoxDirectionColumn FlexBox-justifyContentStart FlexBox-alignItemsStretch FlexBox-flexWrapNoWrap"
              style="flex-basis: auto; white-space: nowrap; overflow: hidden; text-overflow: ellipsis;"
            >
              <span
                class="MessageItem-title"
              >
                Warning
              </span>
            </div>
            <ui5-icon
              class="MessageItem-navigation"
              name="slim-arrow-right"
              ui5-icon=""
            />
          </div>
        </ui5-li-custom>
        <ui5-li-custom
          actionable=""
          class="MessageItem-listItem MessageItem-typeSuccess"
          data-title="Success"
          data-type="Success"
          type="Active"
          ui5-li-custom=""
        >
          <div
            class="FlexBox-flexBox FlexBox-flexBoxDirectionRow FlexBox-justifyContentStart FlexBox-alignItemsCenter FlexBox-flexWrapNoWrap MessageItem-message MessageItem-withChildren"
          >
            <div
              class="MessageItem-iconContainer"
            >
              <ui5-icon
                class="MessageItem-icon"
                name="sys-enter-2"
                ui5-icon=""
              />
            </div>
            <div
              class="FlexBox-flexBox FlexBox-flexBoxDirectionColumn FlexBox-justifyContentStart FlexBox-alignItemsStretch FlexBox-flexWrapNoWrap"
              style="flex-basis: auto; white-space: nowrap; overflow: hidden; text-overflow: ellipsis;"
            >
              <span
                class="MessageItem-title"
              >
                Success
              </span>
            </div>
            <ui5-icon
              class="MessageItem-navigation"
              name="slim-arrow-right"
              ui5-icon=""
            />
          </div>
        </ui5-li-custom>
        <ui5-li-custom
          actionable=""
          class="MessageItem-listItem MessageItem-typeInformation"
          data-title="Information"
          data-type="Information"
          type="Active"
          ui5-li-custom=""
        >
          <div
            class="FlexBox-flexBox FlexBox-flexBoxDirectionRow FlexBox-justifyContentStart FlexBox-alignItemsCenter FlexBox-flexWrapNoWrap MessageItem-message MessageItem-withChildren"
          >
            <div
              class="MessageItem-iconContainer"
            >
              <ui5-icon
                class="MessageItem-icon"
                name="information"
                ui5-icon=""
              />
            </div>
            <div
              class="FlexBox-flexBox FlexBox-flexBoxDirectionColumn FlexBox-justifyContentStart FlexBox-alignItemsStretch FlexBox-flexWrapNoWrap"
              style="flex-basis: auto; white-space: nowrap; overflow: hidden; text-overflow: ellipsis;"
            >
              <span
                class="MessageItem-title"
              >
                Information
              </span>
            </div>
            <ui5-icon
              class="MessageItem-navigation"
              name="slim-arrow-right"
              ui5-icon=""
            />
          </div>
        </ui5-li-custom>
        <ui5-li-custom
          actionable=""
          class="MessageItem-listItem MessageItem-typeNone"
          data-title="None"
          data-type="None"
          type="Active"
          ui5-li-custom=""
        >
          <div
            class="FlexBox-flexBox FlexBox-flexBoxDirectionRow FlexBox-justifyContentStart FlexBox-alignItemsCenter FlexBox-flexWrapNoWrap MessageItem-message MessageItem-withChildren"
          >
            <div
              class="MessageItem-iconContainer"
            >
              <ui5-icon
                class="MessageItem-icon"
                name="information"
                ui5-icon=""
              />
            </div>
            <div
              class="FlexBox-flexBox FlexBox-flexBoxDirectionColumn FlexBox-justifyContentStart FlexBox-alignItemsStretch FlexBox-flexWrapNoWrap"
              style="flex-basis: auto; white-space: nowrap; overflow: hidden; text-overflow: ellipsis;"
            >
              <span
                class="MessageItem-title"
              >
                None
              </span>
            </div>
            <ui5-icon
              class="MessageItem-navigation"
              name="slim-arrow-right"
              ui5-icon=""
            />
          </div>
        </ui5-li-custom>
      </ui5-list>
    </div>
    <div />
  </div>
</DocumentFragment>
`;
