// Jest Snapshot v1, https://goo.gl/fbAQLP

exports[`Create a Form should use a single FormGroup's heading as a Form heading if one is not set 1`] = `
<DocumentFragment>
  <form
    class="Form-form Form-labelSpan4"
    data-columns="2"
  >
    <h6
      aria-label="To be Form title"
      style="grid-column-end: span 12; grid-column-start: 1; grid-row-start: 2; display: flex; align-items: center; font-family: var(--sapFontFamily); line-height: var(--sapWcrFormGroupTitleHeight); font-weight: bold; margin: 0px; padding-top: 1rem;"
      title="To be Form title"
    >
      To be Form title
    </h6>
    <ui5-label
      class="FormItem-label"
      style="grid-column-start: 1; grid-row-start: 3; padding-bottom: 0px;"
      ui5-label=""
      wrapping-type="Normal"
    >
      item 1:
    </ui5-label>
    <div
      class="FormItem-content"
      data-grid-column-start="5"
      data-grid-row-start="3"
      style="grid-column-start: 5; grid-row-start: 3; padding-bottom: 0px;"
    >
      <ui5-input
        type="Text"
        ui5-input=""
        value-state="None"
      />
    </div>
    <ui5-label
      class="FormItem-label"
      style="grid-column-start: 1; grid-row-start: 4; padding-bottom: 1rem;"
      ui5-label=""
      wrapping-type="Normal"
    >
      item 2:
    </ui5-label>
    <div
      class="FormItem-content"
      data-grid-column-start="5"
      data-grid-row-start="4"
      style="grid-column-start: 5; grid-row-start: 4; padding-bottom: 1rem;"
    >
      <ui5-input
        type="Number"
        ui5-input=""
        value-state="None"
      />
    </div>
  </form>
</DocumentFragment>
`;

exports[`Create a Form size rate L; should create Label and Element with 33% and 66% width respectively and display: flex for top FormItem div 1`] = `
<DocumentFragment>
  <form
    class="Form-form Form-labelSpan4"
    data-columns="1"
  >
    <ui5-title
      class="Form-formTitle"
      level="H3"
      ui5-title=""
    >
      Test form
    </ui5-title>
    <h6
      aria-label="Group 1"
      class="FormGroup-title"
      title="Group 1"
    >
      Group 1
    </h6>
    <ui5-label
      class="FormItem-label"
      style="grid-column-start: 1; grid-row-start: 0; padding-bottom: 0px;"
      ui5-label=""
      wrapping-type="Normal"
    >
      item 1:
    </ui5-label>
    <div
      class="FormItem-content"
      data-grid-row-start="0"
      style="grid-row-start: 0; padding-bottom: 0px;"
    >
      <ui5-input
        type="Text"
        ui5-input=""
        value-state="None"
      />
    </div>
    <ui5-label
      class="FormItem-label"
      style="grid-column-start: 1; grid-row-start: 0; padding-bottom: 0px;"
      ui5-label=""
      wrapping-type="Normal"
    >
      item 2:
    </ui5-label>
    <div
      class="FormItem-content"
      data-grid-row-start="0"
      style="grid-row-start: 0; padding-bottom: 0px;"
    >
      <ui5-input
        type="Number"
        ui5-input=""
        value-state="None"
      />
    </div>
    <span
      class="FormGroup-spacer"
    />
    <h6
      aria-label="Group 2"
      class="FormGroup-title"
      title="Group 2"
    >
      Group 2
    </h6>
    <ui5-label
      class="FormItem-label"
      style="grid-column-start: 1; grid-row-start: 0; padding-bottom: 0px;"
      ui5-label=""
      wrapping-type="Normal"
    >
      item 1:
    </ui5-label>
    <div
      class="FormItem-content"
      data-grid-row-start="0"
      style="grid-row-start: 0; padding-bottom: 0px;"
    >
      <ui5-input
        type="Text"
        ui5-input=""
        value-state="None"
      />
    </div>
    <ui5-label
      class="FormItem-label"
      style="grid-column-start: 1; grid-row-start: 0; padding-bottom: 0px;"
      ui5-label=""
      wrapping-type="Normal"
    >
      item 2:
    </ui5-label>
    <div
      class="FormItem-content"
      data-grid-row-start="0"
      style="grid-row-start: 0; padding-bottom: 0px;"
    >
      <ui5-input
        type="Number"
        ui5-input=""
        value-state="None"
      />
    </div>
    <span
      class="FormGroup-spacer"
    />
  </form>
</DocumentFragment>
`;

exports[`Create a Form size rate M; should create Label and Element with 16% and 83% width respectively and display: flex for top FormItem div 1`] = `
<DocumentFragment>
  <form
    class="Form-form Form-labelSpan2"
    data-columns="1"
  >
    <ui5-title
      class="Form-formTitle"
      level="H3"
      ui5-title=""
    >
      Test form
    </ui5-title>
    <h6
      aria-label="Group 1"
      class="FormGroup-title"
      title="Group 1"
    >
      Group 1
    </h6>
    <ui5-label
      class="FormItem-label"
      style="grid-column-start: 1; grid-row-start: 0; padding-bottom: 0px;"
      ui5-label=""
      wrapping-type="Normal"
    >
      item 1:
    </ui5-label>
    <div
      class="FormItem-content"
      data-grid-row-start="0"
      style="grid-row-start: 0; padding-bottom: 0px;"
    >
      <ui5-input
        type="Text"
        ui5-input=""
        value-state="None"
      />
    </div>
    <ui5-label
      class="FormItem-label"
      style="grid-column-start: 1; grid-row-start: 0; padding-bottom: 0px;"
      ui5-label=""
      wrapping-type="Normal"
    >
      item 2:
    </ui5-label>
    <div
      class="FormItem-content"
      data-grid-row-start="0"
      style="grid-row-start: 0; padding-bottom: 0px;"
    >
      <ui5-input
        type="Number"
        ui5-input=""
        value-state="None"
      />
    </div>
    <span
      class="FormGroup-spacer"
    />
    <h6
      aria-label="Group 2"
      class="FormGroup-title"
      title="Group 2"
    >
      Group 2
    </h6>
    <ui5-label
      class="FormItem-label"
      style="grid-column-start: 1; grid-row-start: 0; padding-bottom: 0px;"
      ui5-label=""
      wrapping-type="Normal"
    >
      item 1:
    </ui5-label>
    <div
      class="FormItem-content"
      data-grid-row-start="0"
      style="grid-row-start: 0; padding-bottom: 0px;"
    >
      <ui5-input
        type="Text"
        ui5-input=""
        value-state="None"
      />
    </div>
    <ui5-label
      class="FormItem-label"
      style="grid-column-start: 1; grid-row-start: 0; padding-bottom: 0px;"
      ui5-label=""
      wrapping-type="Normal"
    >
      item 2:
    </ui5-label>
    <div
      class="FormItem-content"
      data-grid-row-start="0"
      style="grid-row-start: 0; padding-bottom: 0px;"
    >
      <ui5-input
        type="Number"
        ui5-input=""
        value-state="None"
      />
    </div>
    <span
      class="FormGroup-spacer"
    />
  </form>
</DocumentFragment>
`;

exports[`Create a Form size rate S; should create Label and Element with 100% width and display: block for top FormItem div 1`] = `
<DocumentFragment>
  <form
    class="Form-form Form-labelSpan12"
    data-columns="1"
  >
    <ui5-title
      class="Form-formTitle"
      level="H3"
      ui5-title=""
    >
      Test form
    </ui5-title>
    <h6
      aria-label="Group 1"
      class="FormGroup-title"
      title="Group 1"
    >
      Group 1
    </h6>
    <ui5-label
      class="FormItem-label"
      style="grid-column-start: 1; grid-row-start: 0; padding-bottom: 0px;"
      ui5-label=""
      wrapping-type="Normal"
    >
      item 1:
    </ui5-label>
    <div
      class="FormItem-content"
      data-grid-row-start="0"
      style="grid-row-start: 0; padding-bottom: 0px;"
    >
      <ui5-input
        type="Text"
        ui5-input=""
        value-state="None"
      />
    </div>
    <ui5-label
      class="FormItem-label"
      style="grid-column-start: 1; grid-row-start: 0; padding-bottom: 0px;"
      ui5-label=""
      wrapping-type="Normal"
    >
      item 2:
    </ui5-label>
    <div
      class="FormItem-content"
      data-grid-row-start="0"
      style="grid-row-start: 0; padding-bottom: 0px;"
    >
      <ui5-input
        type="Number"
        ui5-input=""
        value-state="None"
      />
    </div>
    <span
      class="FormGroup-spacer"
    />
    <h6
      aria-label="Group 2"
      class="FormGroup-title"
      title="Group 2"
    >
      Group 2
    </h6>
    <ui5-label
      class="FormItem-label"
      style="grid-column-start: 1; grid-row-start: 0; padding-bottom: 0px;"
      ui5-label=""
      wrapping-type="Normal"
    >
      item 1:
    </ui5-label>
    <div
      class="FormItem-content"
      data-grid-row-start="0"
      style="grid-row-start: 0; padding-bottom: 0px;"
    >
      <ui5-input
        type="Text"
        ui5-input=""
        value-state="None"
      />
    </div>
    <ui5-label
      class="FormItem-label"
      style="grid-column-start: 1; grid-row-start: 0; padding-bottom: 0px;"
      ui5-label=""
      wrapping-type="Normal"
    >
      item 2:
    </ui5-label>
    <div
      class="FormItem-content"
      data-grid-row-start="0"
      style="grid-row-start: 0; padding-bottom: 0px;"
    >
      <ui5-input
        type="Number"
        ui5-input=""
        value-state="None"
      />
    </div>
    <span
      class="FormGroup-spacer"
    />
  </form>
</DocumentFragment>
`;

exports[`Create a Form size rate XL; should create Label and Element with 33% and 66% width respectively and display: flex for top FormItem div 1`] = `
<DocumentFragment>
  <form
    class="Form-form Form-labelSpan4"
    data-columns="2"
  >
    <ui5-title
      class="Form-formTitle"
      level="H3"
      ui5-title=""
    >
      Test form
    </ui5-title>
    <h6
      aria-label="Group 1"
      style="grid-column-end: span 12; grid-column-start: 1; grid-row-start: 2; display: flex; align-items: center; font-family: var(--sapFontFamily); line-height: var(--sapWcrFormGroupTitleHeight); font-weight: bold; margin: 0px; padding-top: 1rem;"
      title="Group 1"
    >
      Group 1
    </h6>
    <ui5-label
      class="FormItem-label"
      style="grid-column-start: 1; grid-row-start: 3; padding-bottom: 0px;"
      ui5-label=""
      wrapping-type="Normal"
    >
      item 1:
    </ui5-label>
    <div
      class="FormItem-content"
      data-grid-column-start="5"
      data-grid-row-start="3"
      style="grid-column-start: 5; grid-row-start: 3; padding-bottom: 0px;"
    >
      <ui5-input
        type="Text"
        ui5-input=""
        value-state="None"
      />
    </div>
    <ui5-label
      class="FormItem-label"
      style="grid-column-start: 1; grid-row-start: 4; padding-bottom: 1rem;"
      ui5-label=""
      wrapping-type="Normal"
    >
      item 2:
    </ui5-label>
    <div
      class="FormItem-content"
      data-grid-column-start="5"
      data-grid-row-start="4"
      style="grid-column-start: 5; grid-row-start: 4; padding-bottom: 1rem;"
    >
      <ui5-input
        type="Number"
        ui5-input=""
        value-state="None"
      />
    </div>
    <h6
      aria-label="Group 2"
      style="grid-column-end: span 12; grid-column-start: 13; grid-row-start: 2; display: flex; align-items: center; font-family: var(--sapFontFamily); line-height: var(--sapWcrFormGroupTitleHeight); font-weight: bold; margin: 0px; padding-top: 1rem;"
      title="Group 2"
    >
      Group 2
    </h6>
    <ui5-label
      class="FormItem-label"
      style="grid-column-start: 13; grid-row-start: 3; padding-bottom: 0px;"
      ui5-label=""
      wrapping-type="Normal"
    >
      item 1:
    </ui5-label>
    <div
      class="FormItem-content"
      data-grid-column-start="17"
      data-grid-row-start="3"
      style="grid-column-start: 17; grid-row-start: 3; padding-bottom: 0px;"
    >
      <ui5-input
        type="Text"
        ui5-input=""
        value-state="None"
      />
    </div>
    <ui5-label
      class="FormItem-label"
      style="grid-column-start: 13; grid-row-start: 4; padding-bottom: 1rem;"
      ui5-label=""
      wrapping-type="Normal"
    >
      item 2:
    </ui5-label>
    <div
      class="FormItem-content"
      data-grid-column-start="17"
      data-grid-row-start="4"
      style="grid-column-start: 17; grid-row-start: 4; padding-bottom: 1rem;"
    >
      <ui5-input
        type="Number"
        ui5-input=""
        value-state="None"
      />
    </div>
  </form>
</DocumentFragment>
`;
