// Jest Snapshot v1, https://goo.gl/fbAQLP

exports[`DynamicSideContent Basic Test (generated) 1`] = `
<DocumentFragment>
  <ui5-dynamic-side-content
    side-content-fall-down="OnMinimumWidth"
    side-content-position="End"
    side-content-visibility="ShowAboveS"
    ui5-dynamic-side-content=""
  >
    <div
      slot="sideContent"
    >
      <h1>
        Side Content
      </h1>
      <p>
        Morbi lorem libero, imperdiet id condimentum ac, tempor ut velit. Integer a laoreet sem. Nunc at sagittis nisi. Sed placerat diam eu porttitor dignissim. Maecenas nec fringilla tortor. Pellentesque ut elit est. Curabitur quis elit at mauris ullamcorper fringilla. Nullam diam mi, porttitor dictum orci nec, molestie luctus metus. Nunc ut ex blandit, elementum erat eget, pulvinar sapien. Donec nec lorem eu nunc eleifend tempor at non tortor. In quam velit, ornare at rutrum ac, porta ac augue. Suspendisse venenatis semper lacus at venenatis. Praesent vestibulum ligula nulla, at tempus lorem consequat suscipit. Aenean consequat dapibus dui, at bibendum mauris porta a.
      </p>
    </div>
    <div>
      <h1>
        Main Content
      </h1>
      <p>
        Lorem ipsum dolor sit amet, consectetur adipiscing elit. Nunc ex mi, elementum et ante commodo, semper sollicitudin magna. Sed dapibus ut tortor quis varius. Sed luctus sem at nunc porta vulputate. Suspendisse lobortis arcu est, quis ultrices ipsum fermentum a. Vestibulum a ipsum placerat ligula gravida fringilla at id ex. Etiam pellentesque lorem sed sagittis aliquam. Quisque semper orci risus, vel efficitur dui euismod aliquet. Morbi sapien sapien, rhoncus et rutrum nec, rhoncus id nisl. Cras non tincidunt enim, id eleifend neque.
      </p>
    </div>
  </ui5-dynamic-side-content>
</DocumentFragment>
`;
