// Jest Snapshot v1, https://goo.gl/fbAQLP

exports[`NotificationListItem Basic Test (generated) 1`] = `
<DocumentFragment>
  <ui5-li-notification
    busy-delay="1000"
    priority="High"
    show-close="true"
    title-text="My Notification"
    ui5-li-notification=""
  >
    <ui5-notification-action
      design="Transparent"
      slot="actions"
      text="My Action"
      ui5-notification-action=""
    />
  </ui5-li-notification>
</DocumentFragment>
`;
