// Jest Snapshot v1, https://goo.gl/fbAQLP

exports[`TableRow Basic Test (generated) 1`] = `
<DocumentFragment>
  <ui5-table-row
    type="Inactive"
    ui5-table-row=""
  />
</DocumentFragment>
`;
