// Jest Snapshot v1, https://goo.gl/fbAQLP

exports[`Switch Basic Test (generated) 1`] = `
<DocumentFragment>
  <ui5-switch
    design="Textual"
    ui5-switch=""
  />
</DocumentFragment>
`;
