// Jest Snapshot v1, https://goo.gl/fbAQLP

exports[`MultiComboBox Basic Test (generated) 1`] = `
<DocumentFragment>
  <ui5-multi-combobox
    filter="StartsWithPerTerm"
    ui5-multi-combobox=""
    value-state="None"
  />
</DocumentFragment>
`;
