// Jest Snapshot v1, https://goo.gl/fbAQLP

exports[`MultiComboBoxGroupItem Basic Test (generated) 1`] = `
<DocumentFragment>
  <ui5-mcb-group-item
    ui5-mcb-group-item=""
  />
</DocumentFragment>
`;
