// Jest Snapshot v1, https://goo.gl/fbAQLP

exports[`TabContainer Basic Test (generated) 1`] = `
<DocumentFragment>
  <ui5-tabcontainer
    data-sap-ui-fastnavgroup="true"
    tab-layout="Standard"
    tabs-overflow-mode="End"
    ui5-tabcontainer=""
  />
</DocumentFragment>
`;
