// Jest Snapshot v1, https://goo.gl/fbAQLP

exports[`Avatar Basic Test (generated) 1`] = `
<DocumentFragment>
  <ui5-avatar
    shape="Circle"
    ui5-avatar=""
  />
</DocumentFragment>
`;
