// Jest Snapshot v1, https://goo.gl/fbAQLP

exports[`CustomListItem Basic Test (generated) 1`] = `
<DocumentFragment>
  <ui5-li-custom
    type="Active"
    ui5-li-custom=""
  />
</DocumentFragment>
`;
