// Jest Snapshot v1, https://goo.gl/fbAQLP

exports[`Menu Basic Test (generated) 1`] = `
<DocumentFragment>
  <ui5-menu
    ui5-menu=""
  />
</DocumentFragment>
`;
