// Jest Snapshot v1, https://goo.gl/fbAQLP

exports[`BreadcrumbsItem Basic Test (generated) 1`] = `
<DocumentFragment>
  <ui5-breadcrumbs-item
    ui5-breadcrumbs-item=""
  />
</DocumentFragment>
`;
