// Jest Snapshot v1, https://goo.gl/fbAQLP

exports[`BusyIndicator Basic Test (generated) 1`] = `
<DocumentFragment>
  <ui5-busy-indicator
    delay="1000"
    size="Medium"
    ui5-busy-indicator=""
  />
</DocumentFragment>
`;
